// Jest Snapshot v1, https://goo.gl/fbAQLP

exports[`<IntroLayout /> Snapshots should match snapshot 1`] = `
<div>
  <div
    class="sc-EHOje gIiDbs"
  >
    <div
      class="sc-bZQynM dPqZsX"
    >
      <span
        aria-label=""
        class="sc-gzVnrw ggUziS"
        role="img"
      >
        🍚
      </span>
      <span
        aria-label=""
        class="sc-gzVnrw ggUziS"
        role="img"
      >
        🍕
      </span>
      <span
        aria-label=""
        class="sc-gzVnrw ggUziS"
        role="img"
      >
        🍔
      </span>
      <span
        aria-label=""
        class="sc-gzVnrw ggUziS"
        role="img"
      >
        🍣
      </span>
      <span
        aria-label=""
        class="sc-gzVnrw ggUziS"
        role="img"
      >
        🍟
      </span>
      <span
        aria-label=""
        class="sc-gzVnrw ggUziS"
        role="img"
      >
        🌭
      </span>
      <span
        aria-label=""
        class="sc-gzVnrw ggUziS"
        role="img"
      >
        🥓
      </span>
      <span
        aria-label=""
        class="sc-gzVnrw ggUziS"
        role="img"
      >
        🥚
      </span>
      <span
        aria-label=""
        class="sc-gzVnrw ggUziS"
        role="img"
      >
        🥞
      </span>
      <span
        aria-label=""
        class="sc-gzVnrw ggUziS"
        role="img"
      >
        🍞
      </span>
      <span
        aria-label=""
        class="sc-gzVnrw ggUziS"
        role="img"
      >
        🥨
      </span>
      <span
        aria-label=""
        class="sc-gzVnrw ggUziS"
        role="img"
      >
        🧀
      </span>
      <span
        aria-label=""
        class="sc-gzVnrw ggUziS"
        role="img"
      >
        🥗
      </span>
      <span
        aria-label=""
        class="sc-gzVnrw ggUziS"
        role="img"
      >
        🥙
      </span>
      <span
        aria-label=""
        class="sc-gzVnrw ggUziS"
        role="img"
      >
        🥪
      </span>
      <span
        aria-label=""
        class="sc-gzVnrw ggUziS"
        role="img"
      >
        🌮
      </span>
      <span
        aria-label=""
        class="sc-gzVnrw ggUziS"
        role="img"
      >
        🍖
      </span>
      <span
        aria-label=""
        class="sc-gzVnrw ggUziS"
        role="img"
      >
        🍗
      </span>
      <span
        aria-label=""
        class="sc-gzVnrw ggUziS"
        role="img"
      >
        🥩
      </span>
      <span
        aria-label=""
        class="sc-gzVnrw ggUziS"
        role="img"
      >
        🦐
      </span>
      <span
        aria-label=""
        class="sc-gzVnrw ggUziS"
        role="img"
      >
        🐟
      </span>
      <span
        aria-label=""
        class="sc-gzVnrw ggUziS"
        role="img"
      >
        🦀
      </span>
      <span
        aria-label=""
        class="sc-gzVnrw ggUziS"
        role="img"
      >
        🐙
      </span>
      <span
        aria-label=""
        class="sc-gzVnrw ggUziS"
        role="img"
      >
        🦑
      </span>
      <span
        aria-label=""
        class="sc-gzVnrw ggUziS"
        role="img"
      >
        🍅
      </span>
      <span
        aria-label=""
        class="sc-gzVnrw ggUziS"
        role="img"
      >
        🍄
      </span>
      <span
        aria-label=""
        class="sc-gzVnrw ggUziS"
        role="img"
      >
        🌽
      </span>
      <span
        aria-label=""
        class="sc-gzVnrw ggUziS"
        role="img"
      >
        🥒
      </span>
      <span
        aria-label=""
        class="sc-gzVnrw ggUziS"
        role="img"
      >
        🍆
      </span>
      <span
        aria-label=""
        class="sc-gzVnrw ggUziS"
        role="img"
      >
        🥑
      </span>
      <span
        aria-label=""
        class="sc-gzVnrw ggUziS"
        role="img"
      >
        🥔
      </span>
      <span
        aria-label=""
        class="sc-gzVnrw ggUziS"
        role="img"
      >
        🥦
      </span>
      <span
        aria-label=""
        class="sc-gzVnrw ggUziS"
        role="img"
      >
        🥕
      </span>
      <span
        aria-label=""
        class="sc-gzVnrw ggUziS"
        role="img"
      >
        🥡
      </span>
      <span
        aria-label=""
        class="sc-gzVnrw ggUziS"
        role="img"
      >
        🍱
      </span>
      <span
        aria-label=""
        class="sc-gzVnrw ggUziS"
        role="img"
      >
        🍙
      </span>
      <span
        aria-label=""
        class="sc-gzVnrw ggUziS"
        role="img"
      >
        🍛
      </span>
      <span
        aria-label=""
        class="sc-gzVnrw ggUziS"
        role="img"
      >
        🍜
      </span>
      <span
        aria-label=""
        class="sc-gzVnrw ggUziS"
        role="img"
      >
        🥟
      </span>
      <span
        aria-label=""
        class="sc-gzVnrw ggUziS"
        role="img"
      >
        🍲
      </span>
      <span
        aria-label=""
        class="sc-gzVnrw ggUziS"
        role="img"
      >
        🍝
      </span>
      <span
        aria-label=""
        class="sc-gzVnrw ggUziS"
        role="img"
      >
        🥘
      </span>
      <span
        aria-label=""
        class="sc-gzVnrw ggUziS"
        role="img"
      >
        🥣
      </span>
      <span
        aria-label=""
        class="sc-gzVnrw ggUziS"
        role="img"
      >
        🥜
      </span>
      <span
        aria-label=""
        class="sc-gzVnrw ggUziS"
        role="img"
      >
        🍿
      </span>
      <span
        aria-label=""
        class="sc-gzVnrw ggUziS"
        role="img"
      >
        🥧
      </span>
      <span
        aria-label=""
        class="sc-gzVnrw ggUziS"
        role="img"
      >
        🍦
      </span>
      <span
        aria-label=""
        class="sc-gzVnrw ggUziS"
        role="img"
      >
        🍩
      </span>
      <span
        aria-label=""
        class="sc-gzVnrw ggUziS"
        role="img"
      >
        🍪
      </span>
      <span
        aria-label=""
        class="sc-gzVnrw ggUziS"
        role="img"
      >
        🎂
      </span>
      <span
        aria-label=""
        class="sc-gzVnrw ggUziS"
        role="img"
      >
        🍰
      </span>
      <span
        aria-label=""
        class="sc-gzVnrw ggUziS"
        role="img"
      >
        🍫
      </span>
      <span
        aria-label=""
        class="sc-gzVnrw ggUziS"
        role="img"
      >
        🍬
      </span>
      <span
        aria-label=""
        class="sc-gzVnrw ggUziS"
        role="img"
      >
        🍮
      </span>
      <span
        aria-label=""
        class="sc-gzVnrw ggUziS"
        role="img"
      >
        🥝
      </span>
      <span
        aria-label=""
        class="sc-gzVnrw ggUziS"
        role="img"
      >
        🍇
      </span>
      <span
        aria-label=""
        class="sc-gzVnrw ggUziS"
        role="img"
      >
        🍉
      </span>
      <span
        aria-label=""
        class="sc-gzVnrw ggUziS"
        role="img"
      >
        🍊
      </span>
      <span
        aria-label=""
        class="sc-gzVnrw ggUziS"
        role="img"
      >
        🍌
      </span>
      <span
        aria-label=""
        class="sc-gzVnrw ggUziS"
        role="img"
      >
        🍍
      </span>
      <span
        aria-label=""
        class="sc-gzVnrw ggUziS"
        role="img"
      >
        🍎
      </span>
      <span
        aria-label=""
        class="sc-gzVnrw ggUziS"
        role="img"
      >
        🍓
      </span>
      <span
        aria-label=""
        class="sc-gzVnrw ggUziS"
        role="img"
      >
        🍑
      </span>
      <span
        aria-label=""
        class="sc-gzVnrw ggUziS"
        role="img"
      >
        🍐
      </span>
      <span
        aria-label=""
        class="sc-gzVnrw ggUziS"
        role="img"
      >
        🍒
      </span>
      <span
        aria-label=""
        class="sc-gzVnrw ggUziS"
        role="img"
      >
        🥛
      </span>
      <span
        aria-label=""
        class="sc-gzVnrw ggUziS"
        role="img"
      >
        ☕
      </span>
      <span
        aria-label=""
        class="sc-gzVnrw ggUziS"
        role="img"
      >
        🍵
      </span>
      <span
        aria-label=""
        class="sc-gzVnrw ggUziS"
        role="img"
      >
        🥤
      </span>
      <span
        aria-label=""
        class="sc-gzVnrw ggUziS"
        role="img"
      >
        🍺
      </span>
      <span
        aria-label=""
        class="sc-gzVnrw ggUziS"
        role="img"
      >
        🍷
      </span>
      <span
        aria-label=""
        class="sc-gzVnrw ggUziS"
        role="img"
      >
        🍾
      </span>
      <span
        aria-label=""
        class="sc-gzVnrw ggUziS"
        role="img"
      >
        🍚
      </span>
      <span
        aria-label=""
        class="sc-gzVnrw ggUziS"
        role="img"
      >
        🍕
      </span>
      <span
        aria-label=""
        class="sc-gzVnrw ggUziS"
        role="img"
      >
        🍔
      </span>
      <span
        aria-label=""
        class="sc-gzVnrw ggUziS"
        role="img"
      >
        🍣
      </span>
      <span
        aria-label=""
        class="sc-gzVnrw ggUziS"
        role="img"
      >
        🍟
      </span>
      <span
        aria-label=""
        class="sc-gzVnrw ggUziS"
        role="img"
      >
        🌭
      </span>
      <span
        aria-label=""
        class="sc-gzVnrw ggUziS"
        role="img"
      >
        🥓
      </span>
      <span
        aria-label=""
        class="sc-gzVnrw ggUziS"
        role="img"
      >
        🥚
      </span>
      <span
        aria-label=""
        class="sc-gzVnrw ggUziS"
        role="img"
      >
        🥞
      </span>
      <span
        aria-label=""
        class="sc-gzVnrw ggUziS"
        role="img"
      >
        🍞
      </span>
      <span
        aria-label=""
        class="sc-gzVnrw ggUziS"
        role="img"
      >
        🥨
      </span>
      <span
        aria-label=""
        class="sc-gzVnrw ggUziS"
        role="img"
      >
        🧀
      </span>
      <span
        aria-label=""
        class="sc-gzVnrw ggUziS"
        role="img"
      >
        🥗
      </span>
      <span
        aria-label=""
        class="sc-gzVnrw ggUziS"
        role="img"
      >
        🥙
      </span>
      <span
        aria-label=""
        class="sc-gzVnrw ggUziS"
        role="img"
      >
        🥪
      </span>
      <span
        aria-label=""
        class="sc-gzVnrw ggUziS"
        role="img"
      >
        🌮
      </span>
      <span
        aria-label=""
        class="sc-gzVnrw ggUziS"
        role="img"
      >
        🍖
      </span>
      <span
        aria-label=""
        class="sc-gzVnrw ggUziS"
        role="img"
      >
        🍗
      </span>
      <span
        aria-label=""
        class="sc-gzVnrw ggUziS"
        role="img"
      >
        🥩
      </span>
      <span
        aria-label=""
        class="sc-gzVnrw ggUziS"
        role="img"
      >
        🦐
      </span>
      <span
        aria-label=""
        class="sc-gzVnrw ggUziS"
        role="img"
      >
        🐟
      </span>
      <span
        aria-label=""
        class="sc-gzVnrw ggUziS"
        role="img"
      >
        🦀
      </span>
      <span
        aria-label=""
        class="sc-gzVnrw ggUziS"
        role="img"
      >
        🐙
      </span>
      <span
        aria-label=""
        class="sc-gzVnrw ggUziS"
        role="img"
      >
        🦑
      </span>
      <span
        aria-label=""
        class="sc-gzVnrw ggUziS"
        role="img"
      >
        🍅
      </span>
      <span
        aria-label=""
        class="sc-gzVnrw ggUziS"
        role="img"
      >
        🍄
      </span>
      <span
        aria-label=""
        class="sc-gzVnrw ggUziS"
        role="img"
      >
        🌽
      </span>
      <span
        aria-label=""
        class="sc-gzVnrw ggUziS"
        role="img"
      >
        🥒
      </span>
      <span
        aria-label=""
        class="sc-gzVnrw ggUziS"
        role="img"
      >
        🍆
      </span>
      <span
        aria-label=""
        class="sc-gzVnrw ggUziS"
        role="img"
      >
        🥑
      </span>
      <span
        aria-label=""
        class="sc-gzVnrw ggUziS"
        role="img"
      >
        🥔
      </span>
      <span
        aria-label=""
        class="sc-gzVnrw ggUziS"
        role="img"
      >
        🥦
      </span>
      <span
        aria-label=""
        class="sc-gzVnrw ggUziS"
        role="img"
      >
        🥕
      </span>
      <span
        aria-label=""
        class="sc-gzVnrw ggUziS"
        role="img"
      >
        🥡
      </span>
      <span
        aria-label=""
        class="sc-gzVnrw ggUziS"
        role="img"
      >
        🍱
      </span>
      <span
        aria-label=""
        class="sc-gzVnrw ggUziS"
        role="img"
      >
        🍙
      </span>
      <span
        aria-label=""
        class="sc-gzVnrw ggUziS"
        role="img"
      >
        🍛
      </span>
      <span
        aria-label=""
        class="sc-gzVnrw ggUziS"
        role="img"
      >
        🍜
      </span>
      <span
        aria-label=""
        class="sc-gzVnrw ggUziS"
        role="img"
      >
        🥟
      </span>
      <span
        aria-label=""
        class="sc-gzVnrw ggUziS"
        role="img"
      >
        🍲
      </span>
      <span
        aria-label=""
        class="sc-gzVnrw ggUziS"
        role="img"
      >
        🍝
      </span>
      <span
        aria-label=""
        class="sc-gzVnrw ggUziS"
        role="img"
      >
        🥘
      </span>
      <span
        aria-label=""
        class="sc-gzVnrw ggUziS"
        role="img"
      >
        🥣
      </span>
      <span
        aria-label=""
        class="sc-gzVnrw ggUziS"
        role="img"
      >
        🥜
      </span>
      <span
        aria-label=""
        class="sc-gzVnrw ggUziS"
        role="img"
      >
        🍿
      </span>
      <span
        aria-label=""
        class="sc-gzVnrw ggUziS"
        role="img"
      >
        🥧
      </span>
      <span
        aria-label=""
        class="sc-gzVnrw ggUziS"
        role="img"
      >
        🍦
      </span>
      <span
        aria-label=""
        class="sc-gzVnrw ggUziS"
        role="img"
      >
        🍩
      </span>
      <span
        aria-label=""
        class="sc-gzVnrw ggUziS"
        role="img"
      >
        🍪
      </span>
      <span
        aria-label=""
        class="sc-gzVnrw ggUziS"
        role="img"
      >
        🎂
      </span>
      <span
        aria-label=""
        class="sc-gzVnrw ggUziS"
        role="img"
      >
        🍰
      </span>
      <span
        aria-label=""
        class="sc-gzVnrw ggUziS"
        role="img"
      >
        🍫
      </span>
      <span
        aria-label=""
        class="sc-gzVnrw ggUziS"
        role="img"
      >
        🍬
      </span>
      <span
        aria-label=""
        class="sc-gzVnrw ggUziS"
        role="img"
      >
        🍮
      </span>
      <span
        aria-label=""
        class="sc-gzVnrw ggUziS"
        role="img"
      >
        🥝
      </span>
      <span
        aria-label=""
        class="sc-gzVnrw ggUziS"
        role="img"
      >
        🍇
      </span>
      <span
        aria-label=""
        class="sc-gzVnrw ggUziS"
        role="img"
      >
        🍉
      </span>
      <span
        aria-label=""
        class="sc-gzVnrw ggUziS"
        role="img"
      >
        🍊
      </span>
      <span
        aria-label=""
        class="sc-gzVnrw ggUziS"
        role="img"
      >
        🍌
      </span>
      <span
        aria-label=""
        class="sc-gzVnrw ggUziS"
        role="img"
      >
        🍍
      </span>
      <span
        aria-label=""
        class="sc-gzVnrw ggUziS"
        role="img"
      >
        🍎
      </span>
      <span
        aria-label=""
        class="sc-gzVnrw ggUziS"
        role="img"
      >
        🍓
      </span>
      <span
        aria-label=""
        class="sc-gzVnrw ggUziS"
        role="img"
      >
        🍑
      </span>
      <span
        aria-label=""
        class="sc-gzVnrw ggUziS"
        role="img"
      >
        🍐
      </span>
      <span
        aria-label=""
        class="sc-gzVnrw ggUziS"
        role="img"
      >
        🍒
      </span>
      <span
        aria-label=""
        class="sc-gzVnrw ggUziS"
        role="img"
      >
        🥛
      </span>
      <span
        aria-label=""
        class="sc-gzVnrw ggUziS"
        role="img"
      >
        ☕
      </span>
      <span
        aria-label=""
        class="sc-gzVnrw ggUziS"
        role="img"
      >
        🍵
      </span>
      <span
        aria-label=""
        class="sc-gzVnrw ggUziS"
        role="img"
      >
        🥤
      </span>
      <span
        aria-label=""
        class="sc-gzVnrw ggUziS"
        role="img"
      >
        🍺
      </span>
      <span
        aria-label=""
        class="sc-gzVnrw ggUziS"
        role="img"
      >
        🍷
      </span>
      <span
        aria-label=""
        class="sc-gzVnrw ggUziS"
        role="img"
      >
        🍾
      </span>
    </div>
    <div
      class="sc-bwzfXH liDjYc"
    >
      <h1
        class="sc-bdVaJa iSigZg"
        color="white"
        size="3"
      >
        Food Picker
      </h1>
      <p
        class="sc-htpNat ecPqKx"
      >
        Argue less, eat more
      </p>
      <button
        class="sc-ifAKCX joiRar"
      >
        Let's go !
      </button>
      <p
        class="sc-bxivhb hJooFp"
      >
        Made by 
        <a
          href="http://twitter.com/christo_kade"
        >
          @christo_kade
        </a>
      </p>
    </div>
  </div>
</div>
`;
